// Jest Snapshot v1, https://goo.gl/fbAQLP

exports[`Pruebas en <FistMap/> debe de hacer match con el snapshot 1`] = `
<div>
  <h1>
    Hola soy 
    kelly
  </h1>
  <p>
    Subtitulo
  </p>
</div>
`;
